[INFO] Scanning for projects...
[INFO] 
[INFO] -----------------------< com.leucine:equipment >------------------------
[INFO] Building equipment 0.0.1-SNAPSHOT
[INFO]   from pom.xml
[INFO] --------------------------------[ jar ]---------------------------------
[INFO] 
[INFO] --- clean:3.5.0:clean (default-clean) @ equipment ---
[INFO] Deleting C:\Users\abhij\OneDrive\Desktop\Leucine_Assignment\backend\target
[INFO] ------------------------------------------------------------------------
[INFO] BUILD FAILURE
[INFO] ------------------------------------------------------------------------
[INFO] Total time:  2.841 s
[INFO] Finished at: 2026-02-28T10:14:12+05:30
[INFO] ------------------------------------------------------------------------
[ERROR] Failed to execute goal org.apache.maven.plugins:maven-clean-plugin:3.5.0:clean (default-clean) on project equipment: Failed to clean project: Failed to delete C:\Users\abhij\OneDrive\Desktop\Leucine_Assignment\backend\target\classes -> [Help 1]
[ERROR] 
[ERROR] To see the full stack trace of the errors, re-run Maven with the -e switch.
[ERROR] Re-run Maven using the -X switch to enable full debug logging.
[ERROR] 
[ERROR] For more information about the errors and possible solutions, please read the following articles:
[ERROR] [Help 1] http://cwiki.apache.org/confluence/display/MAVEN/MojoExecutionException
